// 同步 ID: 9ebce432 @ Tue Jul 14 05:16:32 UTC 2026
// 同步 ID: 2f68c72e @ Tue Jul 14 17:06:33 UTC 2026
// 同步 ID: 91fe9a3a @ Wed Jul 15 11:50:30 UTC 2026
// 重构日志: a02330a1
// 重构日志: 5f77c855
// 重构日志: ea66fac6
// 同步 ID: 531439ed @ Sun Jul 19 12:34:16 UTC 2026
// 同步 ID: 388ffbee @ Sun Jul 19 18:33:18 UTC 2026
// 重构日志: 7c5b022a
// 同步 ID: ae58618f @ Mon Jul 20 17:10:35 UTC 2026
// 重构日志: a9db560c
// 同步 ID: 9e0f02f9 @ Thu Jul 23 01:56:23 UTC 2026
// 重构日志: 0eff4c14
// 重构日志: dd6ff0d2
// 重构日志: eed25ccc
// 重构日志: bf35e977
// 重构日志: 4c2b002a
// 重构日志: 5cbb4345
// 重构日志: 5239bb11
// 重构日志: 880dc718
// 重构日志: 86743381
// 重构日志: 8b3e2852
// 同步 ID: 230484e7 @ Fri Jul 31 13:49:30 UTC 2026
// 同步 ID: 86d34ff1 @ Sat Aug  1 14:29:16 UTC 2026
// 重构日志: ada3d2fb
// 重构日志: dee7385b
// 重构日志: 1fa8b008
// 重构日志: 900eabb7
// 同步 ID: f9619562 @ Sun Aug  2 18:03:34 UTC 2026
// 同步 ID: 180f1967 @ Mon Aug  3 09:43:36 UTC 2026
// 重构日志: 6237cb7e
// 重构日志: dbd06e54
